// Jest Snapshot v1, https://goo.gl/fbAQLP

exports[`SearchPage should render with default values 1`] = `
<div>
  <div
    class="animate__animated animate__fadeIn"
  >
    <h1>
      Search
    </h1>
    <hr />
    <div
      class="row"
    >
      <div
        class="col-5"
      >
        <h4>
          Searching...
        </h4>
        <hr />
        <form
          aria-label="form"
        >
          <input
            autocomplete="off"
            class="form-control"
            name="searchText"
            placeholder="search a hero like spiderman..."
            type="text"
            value=""
          />
          <button
            class="btn btn-outline-primary mt-2"
          >
            Search
          </button>
        </form>
      </div>
      <div
        class="col-7"
      >
        <h4>
          Results
        </h4>
        <hr />
        <div
          aria-label="search-alert"
          class="alert alert-primary animate__animated animate__fadeIn"
        >
          Search a hero
        </div>
        <div
          aria-label="error-alert"
          class="alert alert-danger animate__animated animate__fadeIn"
          style="display: none;"
        >
          No hero with 
          <b />
        </div>
      </div>
    </div>
  </div>
</div>
`;
